// Jest Snapshot v1, https://goo.gl/fbAQLP

exports[`画面レイアウト スナップショットテスト 1`] = `
"<div>
  <h1>BookIndex</h1>
  <v-row>
    <v-col cols=\\"8\\">
      <v-btn color=\\"primary\\" to=\\"/book/search\\" class=\\"mb-3\\">検索する</v-btn>
    </v-col>
    <v-col cols=\\"4\\">
      <v-btn color=\\"error\\"> 削除する </v-btn>
    </v-col>
  </v-row>
  <v-row></v-row>
</div>"
`;
